// Vitest Snapshot v1, https://vitest.dev/guide/snapshot.html

exports[`context user > try context 1`] = `
[
  <span>
    notLogin
  </span>,
  <h1>
    email: 
  </h1>,
  <button
    onClick={[Function]}
  >
    logout
  </button>,
]
`;
